defcalgrammar "netsquid" ; 
defcal rx ( a ) q { 
        
    // Syntax for netsquid rx gate
         } 
defcal ry ( a ) q { 
        
    // Syntax for netsquid ry gate
         } 
defcal rz ( a ) q { 
        
    // Syntax for netsquid rz gate
         } 
