defcalgrammar "netsquid" ; 
defcal rx ( a ) q { 
         
    // Syntax for netsquid rx gate
          } 
defcal ry ( a ) q { 
         
    // Syntax for netsquid ry gate
          } 
defcal rz ( a ) q { 
         
    // Syntax for netsquid rz gate
          } 
qubit [ 1 ] cin ; 
qubit [ 4 ] a ; 
qubit [ 4 ] b ; 
qubit [ 1 ] cout ; 
bit [ 5 ] ans ; 
uint [ 4 ] a_in = 1 ; 
uint [ 4 ] b_in = 15 ; 
reset $0 ; 
reset $1 ; 
reset $2 ; 
reset $3 ; 
if ( bool ( a_in [ i ] ) ) x $4 ; 
if ( bool ( b_in [ i ] ) ) x $5 ; 
if ( bool ( a_in [ i ] ) ) x $4 ; 
if ( bool ( b_in [ i ] ) ) x $5 ; 
if ( bool ( a_in [ i ] ) ) x $4 ; 
if ( bool ( b_in [ i ] ) ) x $5 ; 
cx $6 , $7 ; 
cx $6 , $8 ; 
ccx $8 , $7 , $6 ; 
cx $9 , $10 ; 
cx $9 , $4 ; 
ccx $4 , $10 , $9 ; 
cx $9 , $10 ; 
cx $9 , $4 ; 
ccx $4 , $10 , $9 ; 
cx $11 , $12 ; 
ccx $4 , $10 , $9 ; 
cx $9 , $4 ; 
cx $4 , $10 ; 
ccx $4 , $10 , $9 ; 
cx $9 , $4 ; 
cx $4 , $10 ; 
ccx $8 , $7 , $6 ; 
cx $6 , $8 ; 
cx $8 , $7 ; 
